#-----------------------------------------------------------
# Vivado v2016.2 (64-bit)
# SW Build 1577090 on Thu Jun  2 16:32:40 MDT 2016
# IP Build 1577682 on Fri Jun  3 12:00:54 MDT 2016
# Start of session at: Fri Jul 06 10:53:06 2018
# Process ID: 944
# Current directory: D:/DiplomskiHbbTV/realization/HbbTV_Test
# Command line: vivado.exe -gui_launcher_event rodinguilauncherevent6368 D:\DiplomskiHbbTV\realization\HbbTV_Test\HbbTV_Test.xpr
# Log file: D:/DiplomskiHbbTV/realization/HbbTV_Test/vivado.log
# Journal file: D:/DiplomskiHbbTV/realization/HbbTV_Test\vivado.jou
#-----------------------------------------------------------
start_gui
open_project D:/DiplomskiHbbTV/realization/HbbTV_Test/HbbTV_Test.xpr
update_compile_order -fileset sources_1
set_property SOURCE_SET sources_1 [get_filesets sim_1]
import_files -fileset sim_1 -norecurse D:/DiplomskiHbbTV/tb/HbbTV_Test_tb.vhd
update_compile_order -fileset sim_1
# Disabling source management mode.  This is to allow the top design properties to be set without GUI intervention.
set_property source_mgmt_mode None [current_project]
set_property top HbbTV_Test_tb [get_filesets sim_1]
set_property top_lib xil_defaultlib [get_filesets sim_1]
# Re-enabling previously disabled source management mode.
set_property source_mgmt_mode All [current_project]
update_compile_order -fileset sim_1
launch_simulation -noclean_dir
launch_simulation -noclean_dir
launch_simulation -noclean_dir
launch_simulation -noclean_dir
open_wave_config D:/DiplomskiHbbTV/sim/BeepTest_tb_behav.wcfg
open_wave_config D:/DiplomskiHbbTV/sim/FlashTest_tb_behav.wcfg
source HbbTV_Test_tb.tcl
create_wave_config
save_wave_config {D:/DiplomskiHbbTV/sim/HbbTV_Test_tb_behav.wcfg}
add_files -fileset sim_1 -norecurse D:/DiplomskiHbbTV/sim/HbbTV_Test_tb_behav.wcfg
set_property xsim.view {D:/DiplomskiHbbTV/sim/BeepTest_tb_behav.wcfg D:/DiplomskiHbbTV/sim/FlashTest_tb_behav.wcfg D:/DiplomskiHbbTV/sim/HbbTV_Test_tb_behav.wcfg} [get_filesets sim_1]
relaunch_sim
close_sim
